[cloudera@quickstart ~]$ hdfs dfs -put /home/cloudera/Movie/Movie /user/input
[cloudera@quickstart ~]$ cd Movie
[cloudera@quickstart Movie]$ hadoop fs -put ratings_small.csv rs
put: `ratings_small.csv': No such file or directory
[cloudera@quickstart Movie]$ hdfs dfs -put /home/cloudera/Movie/Movie/ratings_small.csv /user/input
put: `/user/input/ratings_small.csv': File exists
[cloudera@quickstart Movie]$ cd Movie
[cloudera@quickstart Movie]$ hadoop fs -put Movie/ratings_small.csv rsput: `Movie/ratings_small.csv': No such file or directory
[cloudera@quickstart Movie]$ cd Movie
bash: cd: Movie: No such file or directory
[cloudera@quickstart Movie]$ hadoop fs -put ratings_small.csv rs
[cloudera@quickstart Movie]$ hadoop jar movie.jar Movie.Movie rs MRDir1
Not a valid JAR: /home/cloudera/Movie/Movie/movie.jar
[cloudera@quickstart Movie]$ hadoop jar movie.jar Movie.Movie rs MRDir1
Not a valid JAR: /home/cloudera/Movie/Movie/movie.jar
[cloudera@quickstart Movie]$ cd ..
[cloudera@quickstart Movie]$ hadoop jar movie.jar Movie.Movie rs MRDir1
24/05/10 09:57:42 INFO client.RMProxy: Connecting to ResourceManager at /0.0.0.0:8032
24/05/10 09:57:42 WARN security.UserGroupInformation: PriviledgedActionException as:cloudera (auth:SIMPLE) cause:org.apache.hadoop.mapred.FileAlreadyExistsException: Output directory hdfs://quickstart.cloudera:8020/user/cloudera/MRDir1 already exists
Exception in thread "main" org.apache.hadoop.mapred.FileAlreadyExistsException: Output directory hdfs://quickstart.cloudera:8020/user/cloudera/MRDir1 already exists
	at org.apache.hadoop.mapreduce.lib.output.FileOutputFormat.checkOutputSpecs(FileOutputFormat.java:146)
	at org.apache.hadoop.mapreduce.JobSubmitter.checkSpecs(JobSubmitter.java:562)
	at org.apache.hadoop.mapreduce.JobSubmitter.submitJobInternal(JobSubmitter.java:432)
	at org.apache.hadoop.mapreduce.Job$10.run(Job.java:1306)
	at org.apache.hadoop.mapreduce.Job$10.run(Job.java:1303)
	at java.security.AccessController.doPrivileged(Native Method)
	at javax.security.auth.Subject.doAs(Subject.java:415)
	at org.apache.hadoop.security.UserGroupInformation.doAs(UserGroupInformation.java:1671)
	at org.apache.hadoop.mapreduce.Job.submit(Job.java:1303)
	at org.apache.hadoop.mapreduce.Job.waitForCompletion(Job.java:1324)
	at Movie.Movie.main(Movie.java:92)
	at sun.reflect.NativeMethodAccessorImpl.invoke0(Native Method)
	at sun.reflect.NativeMethodAccessorImpl.invoke(NativeMethodAccessorImpl.java:57)
	at sun.reflect.DelegatingMethodAccessorImpl.invoke(DelegatingMethodAccessorImpl.java:43)
	at java.lang.reflect.Method.invoke(Method.java:606)
	at org.apache.hadoop.util.RunJar.run(RunJar.java:221)
	at org.apache.hadoop.util.RunJar.main(RunJar.java:136)
[cloudera@quickstart Movie]$ hadoop jar movie.jar Movie.Movie rs MRDir2
24/05/10 09:57:54 INFO client.RMProxy: Connecting to ResourceManager at /0.0.0.0:8032
24/05/10 09:57:55 INFO input.FileInputFormat: Total input paths to process : 1
24/05/10 09:57:55 INFO mapreduce.JobSubmitter: number of splits:1
24/05/10 09:57:55 INFO mapreduce.JobSubmitter: Submitting tokens for job: job_1715357950213_0001
24/05/10 09:57:56 INFO impl.YarnClientImpl: Submitted application application_1715357950213_0001
24/05/10 09:57:56 INFO mapreduce.Job: The url to track the job: http://quickstart.cloudera:8088/proxy/application_1715357950213_0001/
24/05/10 09:57:56 INFO mapreduce.Job: Running job: job_1715357950213_0001
24/05/10 09:58:07 INFO mapreduce.Job: Job job_1715357950213_0001 running in uber mode : false
24/05/10 09:58:07 INFO mapreduce.Job:  map 0% reduce 0%
24/05/10 09:58:15 INFO mapreduce.Job:  map 100% reduce 0%
24/05/10 09:58:24 INFO mapreduce.Job:  map 100% reduce 100%
24/05/10 09:58:24 INFO mapreduce.Job: Job job_1715357950213_0001 completed successfully
24/05/10 09:58:25 INFO mapreduce.Job: Counters: 49
	File System Counters
		FILE: Number of bytes read=1089050
		FILE: Number of bytes written=2398753
		FILE: Number of read operations=0
		FILE: Number of large read operations=0
		FILE: Number of write operations=0
		HDFS: Number of bytes read=2438379
		HDFS: Number of bytes written=272
		HDFS: Number of read operations=6
		HDFS: Number of large read operations=0
		HDFS: Number of write operations=2
	Job Counters 
		Launched map tasks=1
		Launched reduce tasks=1
		Data-local map tasks=1
		Total time spent by all maps in occupied slots (ms)=6523
		Total time spent by all reduces in occupied slots (ms)=6538
		Total time spent by all map tasks (ms)=6523
		Total time spent by all reduce tasks (ms)=6538
		Total vcore-seconds taken by all map tasks=6523
		Total vcore-seconds taken by all reduce tasks=6538
		Total megabyte-seconds taken by all map tasks=6679552
		Total megabyte-seconds taken by all reduce tasks=6694912
	Map-Reduce Framework
		Map input records=100005
		Map output records=100004
		Map output bytes=889036
		Map output materialized bytes=1089050
		Input split bytes=113
		Combine input records=0
		Combine output records=0
		Reduce input groups=9066
		Reduce shuffle bytes=1089050
		Reduce input records=100004
		Reduce output records=14
		Spilled Records=200008
		Shuffled Maps =1
		Failed Shuffles=0
		Merged Map outputs=1
		GC time elapsed (ms)=124
		CPU time spent (ms)=2610
		Physical memory (bytes) snapshot=339226624
		Virtual memory (bytes) snapshot=3007225856
		Total committed heap usage (bytes)=226365440
	Shuffle Errors
		BAD_ID=0
		CONNECTION=0
		IO_ERROR=0
		WRONG_LENGTH=0
		WRONG_MAP=0
		WRONG_REDUCE=0
	File Input Format Counters 
		Bytes Read=2438266
	File Output Format Counters 
		Bytes Written=272
[cloudera@quickstart Movie]$ hadoop fs -ls MRDir2
Found 2 items
-rw-r--r--   1 cloudera cloudera          0 2024-05-10 09:58 MRDir2/_SUCCESS
-rw-r--r--   1 cloudera cloudera        272 2024-05-10 09:58 MRDir2/part-r-00000
[cloudera@quickstart Movie]$ hadoop fs -cat MRDir2/part-r-00000
The Movies with their ID and corresponding averaged ratings are as follows:
Movie With the Highest rating is: 
100553	5.0


Movie in sorted order: 
99764	5.0
6273	4.8333335
98491	4.75
7116	4.7
93040	4.6666665
1939	4.6363635
80	4.625
5114	4.6
2924	4.5833335
3469	4.5416665
[cloudera@quickstart Movie]$ 
